
> sobers-website@1.0 dev
> astro dev

18:15:37 [@spotlightjs/astro] [@spotlightjs/astro] Setting up Spotlight
🔎 [Spotlight] Checking if we are already running on port 8969
18:15:37 [types] Generated 1ms
🔎 [Spotlight] Sidecar listening on 8969
18:15:37 [content] Syncing content
18:15:37 [content] Synced content

 astro  v5.17.2 ready in 1626 ms

┃ Local    http://localhost:4321/
┃ Network  use --host to expose

18:15:37 watching for file changes...
!!!!!!!!!!!!!!!!!!!!!!!!!!!! [@spotlightjs/astro] !!!!!!!!!!!!!!!!!!!!!!!!!!!!
Could not find Sentry SDK. Please make sure to install it for the best experience.
Visit https://spotlightjs.com/setup/astro/ for detailed instructions.

npx astro add @sentry/astro

Also make sure in your astro.config.mjs to add the Sentry plugin before Spotlight:
╭ astro.config.mjs ──────────────────────────────╮
│ import { defineConfig } from "astro/config";   │
│ import spotlightjs from "@spotlightjs/astro";  │
│ import sentry from "@sentry/astro";            │
│                                                │
│ // https://astro.build/config                  │
│ export default defineConfig({                  │
│   integrations: [sentry(), spotlightjs()]      │
│ });                                            │
╰────────────────────────────────────────────────╯
!!!!!!!!!!!!!!!!!!!!!!!!!!!! [@spotlightjs/astro] !!!!!!!!!!!!!!!!!!!!!!!!!!!!
18:16:14 [200] / 117ms
18:16:14 [404] /hero-placeholder.svg 2ms
18:16:16 [404] /hero-placeholder.svg 1ms
18:16:16 [404] /hero-placeholder.svg 1ms
18:16:16 [404] /hero-placeholder.svg 1ms
18:16:16 [404] /hero-placeholder.svg 1ms
18:16:16 [404] /hero-placeholder.svg 1ms
18:16:16 [404] /hero-placeholder.svg 1ms
18:16:16 [404] /hero-placeholder.svg 2ms
18:16:16 [404] /hero-placeholder.svg 3ms
18:16:16 [404] /hero-placeholder.svg 1ms
18:18:26 Configuration file updated. Restarting...
18:18:26 [watch] astro.config.mjs
18:18:26 [watch] astro.config.mjs
18:18:26 [watch] public/robots.txt
18:18:26 [watch] public/robots.txt
18:18:26 [@spotlightjs/astro] [@spotlightjs/astro] Setting up Spotlight
🔎 [Spotlight] Checking if we are already running on port 8969
🔎 [Spotlight] Sidecar is already running on port 8969
18:18:26 [vite] Re-optimizing dependencies because vite config has changed
18:18:26 [content] Syncing content
18:18:26 [content] Astro config changed
18:18:26 [content] Clearing content store
18:18:26 [content] Synced content
18:18:26 [types] Generated 160ms
18:18:26 [vite] Re-optimizing dependencies because vite config has changed
18:18:37 Configuration file updated. Restarting...
18:18:37 [@spotlightjs/astro] [@spotlightjs/astro] Setting up Spotlight
🔎 [Spotlight] Checking if we are already running on port 8969
🔎 [Spotlight] Sidecar is already running on port 8969
18:18:37 [vite] Re-optimizing dependencies because vite config has changed
18:18:37 [content] Syncing content
18:18:37 [content] Synced content
18:18:37 [types] Generated 130ms
18:18:37 [vite] Re-optimizing dependencies because vite config has changed
18:19:45 Configuration file updated. Restarting...
18:19:45 [@spotlightjs/astro] [@spotlightjs/astro] Setting up Spotlight
🔎 [Spotlight] Checking if we are already running on port 8969
🔎 [Spotlight] Sidecar is already running on port 8969
18:19:45 [vite] Re-optimizing dependencies because vite config has changed
18:19:45 [content] Syncing content
18:19:45 [content] Synced content
18:19:45 [types] Generated 139ms
18:19:45 [vite] Re-optimizing dependencies because vite config has changed
18:46:09 Configuration file updated. Restarting...
18:46:10 [@spotlightjs/astro] [@spotlightjs/astro] Setting up Spotlight
🔎 [Spotlight] Checking if we are already running on port 8969
🔎 [Spotlight] Sidecar is already running on port 8969
18:46:10 [vite] Re-optimizing dependencies because lockfile has changed
18:46:10 [content] Syncing content
18:46:10 [content] Synced content
18:46:10 [types] Generated 497ms
18:46:10 [vite] Re-optimizing dependencies because vite config has changed
18:46:40 Configuration file updated. Restarting...
18:46:40 [@spotlightjs/astro] [@spotlightjs/astro] Setting up Spotlight
🔎 [Spotlight] Checking if we are already running on port 8969
🔎 [Spotlight] Sidecar is already running on port 8969
18:46:41 [vite] Re-optimizing dependencies because vite config has changed
18:46:42 [content] Syncing content
18:46:42 [content] Astro config changed
18:46:42 [content] Clearing content store
18:46:42 [content] Synced content
18:46:42 [types] Generated 1.81s
18:46:42 [vite] Re-optimizing dependencies because vite config has changed
18:47:16 [watch] .vercel/output/static/index.html
18:47:16 [watch] .vercel/output/static/support/index.html
18:47:16 [watch] .vercel/output/static/privacy/index.html
18:47:16 [watch] .vercel/output/static/terms/index.html
19:42:44 Configuration file updated. Restarting...
7:42:44 PM [vite] (ssr) Error when evaluating SSR module /app/astro.config.mjs: Cannot find module '@astrojs/vercel' imported from '/app/astro.config.mjs'
      at fetchModule (file:///app/node_modules/astro/node_modules/vite/dist/node/chunks/dep-D4NMHUTW.js:46842:19)
      at RunnableDevEnvironment.fetchModule (file:///app/node_modules/astro/node_modules/vite/dist/node/chunks/dep-D4NMHUTW.js:47933:12)
      at fetchModule (file:///app/node_modules/astro/node_modules/vite/dist/node/chunks/dep-D4NMHUTW.js:47887:21)
      at handleInvoke (file:///app/node_modules/astro/node_modules/vite/dist/node/chunks/dep-D4NMHUTW.js:39002:28)
      at EventEmitter.listenerForInvokeHandler (file:///app/node_modules/astro/node_modules/vite/dist/node/chunks/dep-D4NMHUTW.js:39075:25)
      at EventEmitter.emit (node:events:519:28)
      at Object.send (file:///app/node_modules/astro/node_modules/vite/dist/node/chunks/dep-D4NMHUTW.js:25190:40)
      at Object.invoke (file:///app/node_modules/astro/node_modules/vite/dist/node/module-runner.js:621:34)
      at Object.invoke (file:///app/node_modules/astro/node_modules/vite/dist/node/module-runner.js:682:34)
      at SSRCompatModuleRunner.getModuleInformation (file:///app/node_modules/astro/node_modules/vite/dist/node/module-runner.js:1205:94)
[astro] Unable to load your Astro config

19:42:45 [ERROR] [config] Cannot find module '@astrojs/vercel' imported from '/app/astro.config.mjs'
  Stack trace:
    at /app/node_modules/astro/node_modules/vite/dist/node/chunks/dep-D4NMHUTW.js:46842:19
    [...] See full stack trace in the browser, or rerun with --verbose.

19:42:46 [ERROR] Continuing with previous valid configuration

19:43:01 Configuration file updated. Restarting...
19:43:01 [@spotlightjs/astro] [@spotlightjs/astro] Setting up Spotlight
🔎 [Spotlight] Checking if we are already running on port 8969
🔎 [Spotlight] Sidecar is already running on port 8969
19:43:01 [vite] Re-optimizing dependencies because lockfile has changed
19:43:02 [content] Syncing content
19:43:02 [content] Astro config changed
19:43:02 [content] Clearing content store
19:43:02 [content] Synced content
19:43:02 [types] Generated 530ms
19:43:02 [vite] Re-optimizing dependencies because vite config has changed
